// Jest Snapshot v1, https://goo.gl/fbAQLP

exports[`renders single cake screen 1`] = `
<DocumentFragment>
  <div>
    <button>
      &lt; Back
    </button>
    <div
      class="cake-tile"
    >
      <img
        alt="__TEST_CAKE__"
        class="cake-tile-image"
        src="__TEST_URL__"
      />
      <p>
        __TEST_CAKE__
      </p>
      <p>
        Yum Factor: 5
      </p>
      <p>
        __TEST_COMMENT__
      </p>
    </div>
  </div>
</DocumentFragment>
`;
